============================================================
TONGUE PARAMETER GRID SEARCH
============================================================
Testing 3 × 3 × 3 = 27 configurations
Output directory: /home/timoite/Documents/ICT-FaceKit/tongue_scripts/tongue_param_tests

Loading face model...
Loading face model with Trimesh...
Reading generic neutral mesh...
Neutral mesh: 26719 vertices, 52220 faces
Reading expression morph targets...
✓ Face model loaded: 26719 vertices
Loading animation data...
✓ Face sequence loaded: 1350 frames

[1/27] Testing: rot00_thick1.0_std0.10
  Rendering video...
  Rendering frame 0/500...
  Rendering frame 25/500...
  Rendering frame 50/500...
  Rendering frame 75/500...
  Rendering frame 100/500...
  Rendering frame 125/500...
  Rendering frame 150/500...
  Rendering frame 175/500...
  Rendering frame 200/500...
  Rendering frame 225/500...
  Rendering frame 250/500...
  Rendering frame 275/500...
  Rendering frame 300/500...
  Rendering frame 325/500...
  Rendering frame 350/500...
  Rendering frame 375/500...
  Rendering frame 400/500...
  Rendering frame 425/500...
  Rendering frame 450/500...
  Rendering frame 475/500...
  ✓ Video rendered: animation_with_audio.mp4
  Running VSR inference...
libEGL warning: pci id for fd 111: 10de:2803, driver (null)

pci id for fd 116: 10de:2803, driver (null)
pci id for fd 117: 10de:2803, driver (null)
libEGL warning: egl: failed to create dri2 screen
pci id for fd 116: 10de:2803, driver (null)
pci id for fd 117: 10de:2803, driver (null)
libEGL warning: egl: failed to create dri2 screen
WARNING: All log messages before absl::InitializeLog() is called are written to STDERR
I0000 00:00:1770133673.612349  117734 gl_context_egl.cc:85] Successfully initialized EGL. Major : 1 Minor: 5
I0000 00:00:1770133673.619787  118282 gl_context.cc:344] GL version: 3.2 (OpenGL ES 3.2 Mesa 25.3.3-arch1.1), renderer: llvmpipe (LLVM 21.1.6, 256 bits)
INFO: Created TensorFlow Lite XNNPACK delegate for CPU.
I0000 00:00:1770133673.622444  117734 gl_context_egl.cc:85] Successfully initialized EGL. Major : 1 Minor: 5
I0000 00:00:1770133673.627617  118290 gl_context.cc:344] GL version: 3.2 (OpenGL ES 3.2 Mesa 25.3.3-arch1.1), renderer: llvmpipe (LLVM 21.1.6, 256 bits)
/home/timoite/Documents/ICT-FaceKit/.venv/lib/python3.11/site-packages/torchvision/io/_video_deprecation_warning.py:9: UserWarning: The video decoding and encoding capabilities of torchvision are deprecated from version 0.22 and will be removed in version 0.24. We recommend that you migrate to TorchCodec, where we'll consolidate the future decoding/encoding capabilities of PyTorch: https://github.com/pytorch/torchcodec
  warnings.warn(
  ✓ Transcript: THAT'S WHAT I'M GOING TO TELL YOU I'M GOING TO TELL YOU I'M GOING TO TELL YOU I'M GOING TO TELL YOU...

[2/27] Testing: rot00_thick1.0_std0.25
  Rendering video...
  Rendering frame 0/500...
  Rendering frame 25/500...
  Rendering frame 50/500...
  Rendering frame 75/500...
  Rendering frame 100/500...
  Rendering frame 125/500...
  Rendering frame 150/500...
  Rendering frame 175/500...
  Rendering frame 200/500...
  Rendering frame 225/500...
  Rendering frame 250/500...
  Rendering frame 275/500...
  Rendering frame 300/500...
  Rendering frame 325/500...
  Rendering frame 350/500...
  Rendering frame 375/500...
  Rendering frame 400/500...
  Rendering frame 425/500...
  Rendering frame 450/500...
  Rendering frame 475/500...
  ✓ Video rendered: animation_with_audio.mp4
  Running VSR inference...
I0000 00:00:1770133717.182296  117734 gl_context_egl.cc:85] Successfully initialized EGL. Major : 1 Minor: 5
I0000 00:00:1770133717.187740  118600 gl_context.cc:344] GL version: 3.2 (OpenGL ES 3.2 Mesa 25.3.3-arch1.1), renderer: llvmpipe (LLVM 21.1.6, 256 bits)
I0000 00:00:1770133717.189979  117734 gl_context_egl.cc:85] Successfully initialized EGL. Major : 1 Minor: 5
I0000 00:00:1770133717.195963  118608 gl_context.cc:344] GL version: 3.2 (OpenGL ES 3.2 Mesa 25.3.3-arch1.1), renderer: llvmpipe (LLVM 21.1.6, 256 bits)
/home/timoite/Documents/ICT-FaceKit/.venv/lib/python3.11/site-packages/torchvision/io/_video_deprecation_warning.py:9: UserWarning: The video decoding and encoding capabilities of torchvision are deprecated from version 0.22 and will be removed in version 0.24. We recommend that you migrate to TorchCodec, where we'll consolidate the future decoding/encoding capabilities of PyTorch: https://github.com/pytorch/torchcodec
  warnings.warn(
  ✓ Transcript: YEA THAT'S ONE OF THE REASONS WHY THE YEAST IS THE YEAST IS THE YEAST...

[3/27] Testing: rot00_thick1.0_std0.40
  Rendering video...
  Rendering frame 0/500...
  Rendering frame 25/500...
  Rendering frame 50/500...
  Rendering frame 75/500...
  Rendering frame 100/500...
  Rendering frame 125/500...
  Rendering frame 150/500...
  Rendering frame 175/500...
  Rendering frame 200/500...
  Rendering frame 225/500...
  Rendering frame 250/500...
  Rendering frame 275/500...
  Rendering frame 300/500...
  Rendering frame 325/500...
  Rendering frame 350/500...
  Rendering frame 375/500...
  Rendering frame 400/500...
  Rendering frame 425/500...
  Rendering frame 450/500...
  Rendering frame 475/500...
  ✓ Video rendered: animation_with_audio.mp4
  Running VSR inference...
I0000 00:00:1770133760.711945  117734 gl_context_egl.cc:85] Successfully initialized EGL. Major : 1 Minor: 5
I0000 00:00:1770133760.717355  119449 gl_context.cc:344] GL version: 3.2 (OpenGL ES 3.2 Mesa 25.3.3-arch1.1), renderer: llvmpipe (LLVM 21.1.6, 256 bits)
I0000 00:00:1770133760.719598  117734 gl_context_egl.cc:85] Successfully initialized EGL. Major : 1 Minor: 5
I0000 00:00:1770133760.724897  119457 gl_context.cc:344] GL version: 3.2 (OpenGL ES 3.2 Mesa 25.3.3-arch1.1), renderer: llvmpipe (LLVM 21.1.6, 256 bits)
/home/timoite/Documents/ICT-FaceKit/.venv/lib/python3.11/site-packages/torchvision/io/_video_deprecation_warning.py:9: UserWarning: The video decoding and encoding capabilities of torchvision are deprecated from version 0.22 and will be removed in version 0.24. We recommend that you migrate to TorchCodec, where we'll consolidate the future decoding/encoding capabilities of PyTorch: https://github.com/pytorch/torchcodec
  warnings.warn(
  ✓ Transcript: THAT'S WHAT I'M GOING TO TELL YOU I'M GOING TO TELL YOU I'M GOING TO TELL YOU...

[4/27] Testing: rot00_thick2.0_std0.10
  Rendering video...
  Rendering frame 0/500...
  Rendering frame 25/500...
  Rendering frame 50/500...
  Rendering frame 75/500...
  Rendering frame 100/500...
  Rendering frame 125/500...
  Rendering frame 150/500...
  Rendering frame 175/500...
  Rendering frame 200/500...
  Rendering frame 225/500...
  Rendering frame 250/500...
  Rendering frame 275/500...
  Rendering frame 300/500...
  Rendering frame 325/500...
  Rendering frame 350/500...
  Rendering frame 375/500...
  Rendering frame 400/500...
  Rendering frame 425/500...
  Rendering frame 450/500...
  Rendering frame 475/500...
  ✓ Video rendered: animation_with_audio.mp4
  Running VSR inference...
I0000 00:00:1770133802.948192  117734 gl_context_egl.cc:85] Successfully initialized EGL. Major : 1 Minor: 5
I0000 00:00:1770133802.953857  119595 gl_context.cc:344] GL version: 3.2 (OpenGL ES 3.2 Mesa 25.3.3-arch1.1), renderer: llvmpipe (LLVM 21.1.6, 256 bits)
I0000 00:00:1770133802.955983  117734 gl_context_egl.cc:85] Successfully initialized EGL. Major : 1 Minor: 5
I0000 00:00:1770133802.961222  119603 gl_context.cc:344] GL version: 3.2 (OpenGL ES 3.2 Mesa 25.3.3-arch1.1), renderer: llvmpipe (LLVM 21.1.6, 256 bits)
/home/timoite/Documents/ICT-FaceKit/.venv/lib/python3.11/site-packages/torchvision/io/_video_deprecation_warning.py:9: UserWarning: The video decoding and encoding capabilities of torchvision are deprecated from version 0.22 and will be removed in version 0.24. We recommend that you migrate to TorchCodec, where we'll consolidate the future decoding/encoding capabilities of PyTorch: https://github.com/pytorch/torchcodec
  warnings.warn(
  ✓ Transcript: WELL THANK YOU VERY MUCH FOR YOUR TIME THANK YOU VERY MUCH FOR YOUR TIME THANK YOU...

[5/27] Testing: rot00_thick2.0_std0.25
  Rendering video...
  Rendering frame 0/500...
  Rendering frame 25/500...
  Rendering frame 50/500...
  Rendering frame 75/500...
  Rendering frame 100/500...
  Rendering frame 125/500...
  Rendering frame 150/500...
  Rendering frame 175/500...
  Rendering frame 200/500...
  Rendering frame 225/500...
  Rendering frame 250/500...
  Rendering frame 275/500...
  Rendering frame 300/500...
  Rendering frame 325/500...
  Rendering frame 350/500...
  Rendering frame 375/500...
  Rendering frame 400/500...
  Rendering frame 425/500...
  Rendering frame 450/500...
  Rendering frame 475/500...
  ✓ Video rendered: animation_with_audio.mp4
  Running VSR inference...
I0000 00:00:1770133840.629184  117734 gl_context_egl.cc:85] Successfully initialized EGL. Major : 1 Minor: 5
I0000 00:00:1770133840.634875  119787 gl_context.cc:344] GL version: 3.2 (OpenGL ES 3.2 Mesa 25.3.3-arch1.1), renderer: llvmpipe (LLVM 21.1.6, 256 bits)
I0000 00:00:1770133840.637085  117734 gl_context_egl.cc:85] Successfully initialized EGL. Major : 1 Minor: 5
I0000 00:00:1770133840.642292  119795 gl_context.cc:344] GL version: 3.2 (OpenGL ES 3.2 Mesa 25.3.3-arch1.1), renderer: llvmpipe (LLVM 21.1.6, 256 bits)
/home/timoite/Documents/ICT-FaceKit/.venv/lib/python3.11/site-packages/torchvision/io/_video_deprecation_warning.py:9: UserWarning: The video decoding and encoding capabilities of torchvision are deprecated from version 0.22 and will be removed in version 0.24. We recommend that you migrate to TorchCodec, where we'll consolidate the future decoding/encoding capabilities of PyTorch: https://github.com/pytorch/torchcodec
  warnings.warn(
  ✓ Transcript: WELL THE ANALYST AND THE ANALYST AND THE ANALYST AND THE ANALYST AND THE ANALYST...

[6/27] Testing: rot00_thick2.0_std0.40
  Rendering video...
  Rendering frame 0/500...
  Rendering frame 25/500...
  Rendering frame 50/500...
  Rendering frame 75/500...
  Rendering frame 100/500...
  Rendering frame 125/500...
  Rendering frame 150/500...
  Rendering frame 175/500...
  Rendering frame 200/500...
  Rendering frame 225/500...
  Rendering frame 250/500...
  Rendering frame 275/500...
  Rendering frame 300/500...
  Rendering frame 325/500...
  Rendering frame 350/500...
  Rendering frame 375/500...
  Rendering frame 400/500...
  Rendering frame 425/500...
  Rendering frame 450/500...
  Rendering frame 475/500...
  ✓ Video rendered: animation_with_audio.mp4
  Running VSR inference...
I0000 00:00:1770133888.069676  117734 gl_context_egl.cc:85] Successfully initialized EGL. Major : 1 Minor: 5
I0000 00:00:1770133888.075161  119942 gl_context.cc:344] GL version: 3.2 (OpenGL ES 3.2 Mesa 25.3.3-arch1.1), renderer: llvmpipe (LLVM 21.1.6, 256 bits)
I0000 00:00:1770133888.077342  117734 gl_context_egl.cc:85] Successfully initialized EGL. Major : 1 Minor: 5
I0000 00:00:1770133888.082775  119950 gl_context.cc:344] GL version: 3.2 (OpenGL ES 3.2 Mesa 25.3.3-arch1.1), renderer: llvmpipe (LLVM 21.1.6, 256 bits)
/home/timoite/Documents/ICT-FaceKit/.venv/lib/python3.11/site-packages/torchvision/io/_video_deprecation_warning.py:9: UserWarning: The video decoding and encoding capabilities of torchvision are deprecated from version 0.22 and will be removed in version 0.24. We recommend that you migrate to TorchCodec, where we'll consolidate the future decoding/encoding capabilities of PyTorch: https://github.com/pytorch/torchcodec
  warnings.warn(
  ✓ Transcript: IT'S LIKE A FUCKING COCKTAIL IT'S A VERY CALF AND THE CALF AND THE CALF AND THE CALF AND THE CALF AN...

[7/27] Testing: rot00_thick4.0_std0.10
  Rendering video...
  Rendering frame 0/500...
  Rendering frame 25/500...
  Rendering frame 50/500...
  Rendering frame 75/500...
  Rendering frame 100/500...
  Rendering frame 125/500...
  Rendering frame 150/500...
  Rendering frame 175/500...
  Rendering frame 200/500...
  Rendering frame 225/500...
  Rendering frame 250/500...
  Rendering frame 275/500...
  Rendering frame 300/500...
  Rendering frame 325/500...
  Rendering frame 350/500...
  Rendering frame 375/500...
  Rendering frame 400/500...
  Rendering frame 425/500...
  Rendering frame 450/500...
  Rendering frame 475/500...
  ✓ Video rendered: animation_with_audio.mp4
  Running VSR inference...
I0000 00:00:1770133943.574855  117734 gl_context_egl.cc:85] Successfully initialized EGL. Major : 1 Minor: 5
I0000 00:00:1770133943.580286  121011 gl_context.cc:344] GL version: 3.2 (OpenGL ES 3.2 Mesa 25.3.3-arch1.1), renderer: llvmpipe (LLVM 21.1.6, 256 bits)
I0000 00:00:1770133943.582489  117734 gl_context_egl.cc:85] Successfully initialized EGL. Major : 1 Minor: 5
I0000 00:00:1770133943.587589  121019 gl_context.cc:344] GL version: 3.2 (OpenGL ES 3.2 Mesa 25.3.3-arch1.1), renderer: llvmpipe (LLVM 21.1.6, 256 bits)
/home/timoite/Documents/ICT-FaceKit/.venv/lib/python3.11/site-packages/torchvision/io/_video_deprecation_warning.py:9: UserWarning: The video decoding and encoding capabilities of torchvision are deprecated from version 0.22 and will be removed in version 0.24. We recommend that you migrate to TorchCodec, where we'll consolidate the future decoding/encoding capabilities of PyTorch: https://github.com/pytorch/torchcodec
  warnings.warn(
  ✓ Transcript: WELL TECHNICALLY IT'S VERY HARD TO SUFFOCATE BUT AT THE SAME TIME IT'S EASY TO GET YOURSELF INTO THE...

[8/27] Testing: rot00_thick4.0_std0.25
  Rendering video...
  Rendering frame 0/500...
  Rendering frame 25/500...
  Rendering frame 50/500...
  Rendering frame 75/500...
  Rendering frame 100/500...
  Rendering frame 125/500...
  Rendering frame 150/500...
  Rendering frame 175/500...
  Rendering frame 200/500...
  Rendering frame 225/500...
  Rendering frame 250/500...
  Rendering frame 275/500...
  Rendering frame 300/500...
  Rendering frame 325/500...
  Rendering frame 350/500...
  Rendering frame 375/500...
  Rendering frame 400/500...
  Rendering frame 425/500...
  Rendering frame 450/500...
  Rendering frame 475/500...
  ✓ Video rendered: animation_with_audio.mp4
  Running VSR inference...
I0000 00:00:1770133987.962821  117734 gl_context_egl.cc:85] Successfully initialized EGL. Major : 1 Minor: 5
I0000 00:00:1770133987.968623  121906 gl_context.cc:344] GL version: 3.2 (OpenGL ES 3.2 Mesa 25.3.3-arch1.1), renderer: llvmpipe (LLVM 21.1.6, 256 bits)
I0000 00:00:1770133987.970799  117734 gl_context_egl.cc:85] Successfully initialized EGL. Major : 1 Minor: 5
I0000 00:00:1770133987.975825  121914 gl_context.cc:344] GL version: 3.2 (OpenGL ES 3.2 Mesa 25.3.3-arch1.1), renderer: llvmpipe (LLVM 21.1.6, 256 bits)
/home/timoite/Documents/ICT-FaceKit/.venv/lib/python3.11/site-packages/torchvision/io/_video_deprecation_warning.py:9: UserWarning: The video decoding and encoding capabilities of torchvision are deprecated from version 0.22 and will be removed in version 0.24. We recommend that you migrate to TorchCodec, where we'll consolidate the future decoding/encoding capabilities of PyTorch: https://github.com/pytorch/torchcodec
  warnings.warn(
  ✓ Transcript: VALENTINE'S DAY IS VALENTINE'S DAY IS VALENTINE'S DAY IS VALENTINE'S DAY IS VALENTINE'S DAY...

[9/27] Testing: rot00_thick4.0_std0.40
  Rendering video...
  Rendering frame 0/500...
  Rendering frame 25/500...
  Rendering frame 50/500...
  Rendering frame 75/500...
  Rendering frame 100/500...
  Rendering frame 125/500...
  Rendering frame 150/500...
  Rendering frame 175/500...
  Rendering frame 200/500...
  Rendering frame 225/500...
  Rendering frame 250/500...
  Rendering frame 275/500...
  Rendering frame 300/500...
  Rendering frame 325/500...
  Rendering frame 350/500...
  Rendering frame 375/500...
  Rendering frame 400/500...
  Rendering frame 425/500...
  Rendering frame 450/500...
  Rendering frame 475/500...
  ✓ Video rendered: animation_with_audio.mp4
  Running VSR inference...
I0000 00:00:1770134039.332455  117734 gl_context_egl.cc:85] Successfully initialized EGL. Major : 1 Minor: 5
I0000 00:00:1770134039.338122  122130 gl_context.cc:344] GL version: 3.2 (OpenGL ES 3.2 Mesa 25.3.3-arch1.1), renderer: llvmpipe (LLVM 21.1.6, 256 bits)
I0000 00:00:1770134039.340305  117734 gl_context_egl.cc:85] Successfully initialized EGL. Major : 1 Minor: 5
I0000 00:00:1770134039.345673  122138 gl_context.cc:344] GL version: 3.2 (OpenGL ES 3.2 Mesa 25.3.3-arch1.1), renderer: llvmpipe (LLVM 21.1.6, 256 bits)
/home/timoite/Documents/ICT-FaceKit/.venv/lib/python3.11/site-packages/torchvision/io/_video_deprecation_warning.py:9: UserWarning: The video decoding and encoding capabilities of torchvision are deprecated from version 0.22 and will be removed in version 0.24. We recommend that you migrate to TorchCodec, where we'll consolidate the future decoding/encoding capabilities of PyTorch: https://github.com/pytorch/torchcodec
  warnings.warn(
  ✓ Transcript: I DON'T KNOW I DON'T KNOW I DON'T KNOW I DON'T KNOW...

[10/27] Testing: rot10_thick1.0_std0.10
  Rendering video...
  Rendering frame 0/500...
  Rendering frame 25/500...
  Rendering frame 50/500...
  Rendering frame 75/500...
  Rendering frame 100/500...
  Rendering frame 125/500...
  Rendering frame 150/500...
  Rendering frame 175/500...
  Rendering frame 200/500...
  Rendering frame 225/500...
  Rendering frame 250/500...
  Rendering frame 275/500...
  Rendering frame 300/500...
  Rendering frame 325/500...
  Rendering frame 350/500...
  Rendering frame 375/500...
  Rendering frame 400/500...
  Rendering frame 425/500...
  Rendering frame 450/500...
  Rendering frame 475/500...
  ✓ Video rendered: animation_with_audio.mp4
  Running VSR inference...
I0000 00:00:1770134078.055353  117734 gl_context_egl.cc:85] Successfully initialized EGL. Major : 1 Minor: 5
I0000 00:00:1770134078.061013  122311 gl_context.cc:344] GL version: 3.2 (OpenGL ES 3.2 Mesa 25.3.3-arch1.1), renderer: llvmpipe (LLVM 21.1.6, 256 bits)
I0000 00:00:1770134078.063148  117734 gl_context_egl.cc:85] Successfully initialized EGL. Major : 1 Minor: 5
I0000 00:00:1770134078.068423  122319 gl_context.cc:344] GL version: 3.2 (OpenGL ES 3.2 Mesa 25.3.3-arch1.1), renderer: llvmpipe (LLVM 21.1.6, 256 bits)
/home/timoite/Documents/ICT-FaceKit/.venv/lib/python3.11/site-packages/torchvision/io/_video_deprecation_warning.py:9: UserWarning: The video decoding and encoding capabilities of torchvision are deprecated from version 0.22 and will be removed in version 0.24. We recommend that you migrate to TorchCodec, where we'll consolidate the future decoding/encoding capabilities of PyTorch: https://github.com/pytorch/torchcodec
  warnings.warn(
  ✓ Transcript: VALENTINE'S DAY IS THE DAY OF VALENTINE'S DAY OF VALENTINE'S DAY OF VALENTINE'S DAY OF VALENTINE'S D...

[11/27] Testing: rot10_thick1.0_std0.25
  Rendering video...
  Rendering frame 0/500...
  Rendering frame 25/500...
  Rendering frame 50/500...
  Rendering frame 75/500...
  Rendering frame 100/500...
  Rendering frame 125/500...
  Rendering frame 150/500...
  Rendering frame 175/500...
  Rendering frame 200/500...
  Rendering frame 225/500...
  Rendering frame 250/500...
  Rendering frame 275/500...
  Rendering frame 300/500...
  Rendering frame 325/500...
  Rendering frame 350/500...
  Rendering frame 375/500...
  Rendering frame 400/500...
  Rendering frame 425/500...
  Rendering frame 450/500...
  Rendering frame 475/500...
  ✓ Video rendered: animation_with_audio.mp4
  Running VSR inference...
I0000 00:00:1770134135.386871  117734 gl_context_egl.cc:85] Successfully initialized EGL. Major : 1 Minor: 5
I0000 00:00:1770134135.392624  122515 gl_context.cc:344] GL version: 3.2 (OpenGL ES 3.2 Mesa 25.3.3-arch1.1), renderer: llvmpipe (LLVM 21.1.6, 256 bits)
I0000 00:00:1770134135.394779  117734 gl_context_egl.cc:85] Successfully initialized EGL. Major : 1 Minor: 5
I0000 00:00:1770134135.399839  122523 gl_context.cc:344] GL version: 3.2 (OpenGL ES 3.2 Mesa 25.3.3-arch1.1), renderer: llvmpipe (LLVM 21.1.6, 256 bits)
/home/timoite/Documents/ICT-FaceKit/.venv/lib/python3.11/site-packages/torchvision/io/_video_deprecation_warning.py:9: UserWarning: The video decoding and encoding capabilities of torchvision are deprecated from version 0.22 and will be removed in version 0.24. We recommend that you migrate to TorchCodec, where we'll consolidate the future decoding/encoding capabilities of PyTorch: https://github.com/pytorch/torchcodec
  warnings.warn(
  ✓ Transcript: I DON'T KNOW I DON'T KNOW I DON'T KNOW I DON'T KNOW...

[12/27] Testing: rot10_thick1.0_std0.40
  Rendering video...
  Rendering frame 0/500...
  Rendering frame 25/500...
  Rendering frame 50/500...
  Rendering frame 75/500...
  Rendering frame 100/500...
  Rendering frame 125/500...
  Rendering frame 150/500...
  Rendering frame 175/500...
  Rendering frame 200/500...
  Rendering frame 225/500...
  Rendering frame 250/500...
  Rendering frame 275/500...
  Rendering frame 300/500...
  Rendering frame 325/500...
  Rendering frame 350/500...
  Rendering frame 375/500...
  Rendering frame 400/500...
  Rendering frame 425/500...
  Rendering frame 450/500...
  Rendering frame 475/500...
  ✓ Video rendered: animation_with_audio.mp4
  Running VSR inference...
I0000 00:00:1770134181.892618  117734 gl_context_egl.cc:85] Successfully initialized EGL. Major : 1 Minor: 5
I0000 00:00:1770134181.898265  122655 gl_context.cc:344] GL version: 3.2 (OpenGL ES 3.2 Mesa 25.3.3-arch1.1), renderer: llvmpipe (LLVM 21.1.6, 256 bits)
I0000 00:00:1770134181.900479  117734 gl_context_egl.cc:85] Successfully initialized EGL. Major : 1 Minor: 5
I0000 00:00:1770134181.905801  122663 gl_context.cc:344] GL version: 3.2 (OpenGL ES 3.2 Mesa 25.3.3-arch1.1), renderer: llvmpipe (LLVM 21.1.6, 256 bits)
/home/timoite/Documents/ICT-FaceKit/.venv/lib/python3.11/site-packages/torchvision/io/_video_deprecation_warning.py:9: UserWarning: The video decoding and encoding capabilities of torchvision are deprecated from version 0.22 and will be removed in version 0.24. We recommend that you migrate to TorchCodec, where we'll consolidate the future decoding/encoding capabilities of PyTorch: https://github.com/pytorch/torchcodec
  warnings.warn(
  ✓ Transcript: THAT'S WHAT I'M GOING TO TELL YOU I'M GOING TO TELL YOU I'M GOING TO TELL YOU...

[13/27] Testing: rot10_thick2.0_std0.10
  Rendering video...
  Rendering frame 0/500...
  Rendering frame 25/500...
  Rendering frame 50/500...
  Rendering frame 75/500...
  Rendering frame 100/500...
  Rendering frame 125/500...
  Rendering frame 150/500...
  Rendering frame 175/500...
  Rendering frame 200/500...
  Rendering frame 225/500...
  Rendering frame 250/500...
  Rendering frame 275/500...
  Rendering frame 300/500...
  Rendering frame 325/500...
  Rendering frame 350/500...
  Rendering frame 375/500...
  Rendering frame 400/500...
  Rendering frame 425/500...
  Rendering frame 450/500...
  Rendering frame 475/500...
  ✓ Video rendered: animation_with_audio.mp4
  Running VSR inference...
I0000 00:00:1770134228.752733  117734 gl_context_egl.cc:85] Successfully initialized EGL. Major : 1 Minor: 5
I0000 00:00:1770134228.758310  122829 gl_context.cc:344] GL version: 3.2 (OpenGL ES 3.2 Mesa 25.3.3-arch1.1), renderer: llvmpipe (LLVM 21.1.6, 256 bits)
I0000 00:00:1770134228.760504  117734 gl_context_egl.cc:85] Successfully initialized EGL. Major : 1 Minor: 5
I0000 00:00:1770134228.765520  122837 gl_context.cc:344] GL version: 3.2 (OpenGL ES 3.2 Mesa 25.3.3-arch1.1), renderer: llvmpipe (LLVM 21.1.6, 256 bits)
/home/timoite/Documents/ICT-FaceKit/.venv/lib/python3.11/site-packages/torchvision/io/_video_deprecation_warning.py:9: UserWarning: The video decoding and encoding capabilities of torchvision are deprecated from version 0.22 and will be removed in version 0.24. We recommend that you migrate to TorchCodec, where we'll consolidate the future decoding/encoding capabilities of PyTorch: https://github.com/pytorch/torchcodec
  warnings.warn(
  ✓ Transcript: THIS IS THE FIRST TIME IT'S THE FIRST TIME IT'S THE SECOND TIME IT'S THE SECOND TIME...

[14/27] Testing: rot10_thick2.0_std0.25
  Rendering video...
  Rendering frame 0/500...
  Rendering frame 25/500...
  Rendering frame 50/500...
  Rendering frame 75/500...
  Rendering frame 100/500...
  Rendering frame 125/500...
  Rendering frame 150/500...
  Rendering frame 175/500...
  Rendering frame 200/500...
  Rendering frame 225/500...
  Rendering frame 250/500...
  Rendering frame 275/500...
  Rendering frame 300/500...
  Rendering frame 325/500...
  Rendering frame 350/500...
  Rendering frame 375/500...
  Rendering frame 400/500...
  Rendering frame 425/500...
  Rendering frame 450/500...
  Rendering frame 475/500...
  ✓ Video rendered: animation_with_audio.mp4
  Running VSR inference...
I0000 00:00:1770134270.324164  117734 gl_context_egl.cc:85] Successfully initialized EGL. Major : 1 Minor: 5
I0000 00:00:1770134270.329639  123021 gl_context.cc:344] GL version: 3.2 (OpenGL ES 3.2 Mesa 25.3.3-arch1.1), renderer: llvmpipe (LLVM 21.1.6, 256 bits)
I0000 00:00:1770134270.331819  117734 gl_context_egl.cc:85] Successfully initialized EGL. Major : 1 Minor: 5
I0000 00:00:1770134270.337084  123029 gl_context.cc:344] GL version: 3.2 (OpenGL ES 3.2 Mesa 25.3.3-arch1.1), renderer: llvmpipe (LLVM 21.1.6, 256 bits)
/home/timoite/Documents/ICT-FaceKit/.venv/lib/python3.11/site-packages/torchvision/io/_video_deprecation_warning.py:9: UserWarning: The video decoding and encoding capabilities of torchvision are deprecated from version 0.22 and will be removed in version 0.24. We recommend that you migrate to TorchCodec, where we'll consolidate the future decoding/encoding capabilities of PyTorch: https://github.com/pytorch/torchcodec
  warnings.warn(
  ✓ Transcript: I DON'T KNOW I DON'T KNOW I DON'T KNOW...

[15/27] Testing: rot10_thick2.0_std0.40
  Rendering video...
  Rendering frame 0/500...
  Rendering frame 25/500...
  Rendering frame 50/500...
  Rendering frame 75/500...
  Rendering frame 100/500...
  Rendering frame 125/500...
  Rendering frame 150/500...
  Rendering frame 175/500...
  Rendering frame 200/500...
  Rendering frame 225/500...
  Rendering frame 250/500...
  Rendering frame 275/500...
  Rendering frame 300/500...
  Rendering frame 325/500...
  Rendering frame 350/500...
  Rendering frame 375/500...
  Rendering frame 400/500...
  Rendering frame 425/500...
  Rendering frame 450/500...
  Rendering frame 475/500...
  ✓ Video rendered: animation_with_audio.mp4
  Running VSR inference...
I0000 00:00:1770134306.206782  117734 gl_context_egl.cc:85] Successfully initialized EGL. Major : 1 Minor: 5
I0000 00:00:1770134306.212324  123169 gl_context.cc:344] GL version: 3.2 (OpenGL ES 3.2 Mesa 25.3.3-arch1.1), renderer: llvmpipe (LLVM 21.1.6, 256 bits)
I0000 00:00:1770134306.214471  117734 gl_context_egl.cc:85] Successfully initialized EGL. Major : 1 Minor: 5
I0000 00:00:1770134306.219447  123177 gl_context.cc:344] GL version: 3.2 (OpenGL ES 3.2 Mesa 25.3.3-arch1.1), renderer: llvmpipe (LLVM 21.1.6, 256 bits)
/home/timoite/Documents/ICT-FaceKit/.venv/lib/python3.11/site-packages/torchvision/io/_video_deprecation_warning.py:9: UserWarning: The video decoding and encoding capabilities of torchvision are deprecated from version 0.22 and will be removed in version 0.24. We recommend that you migrate to TorchCodec, where we'll consolidate the future decoding/encoding capabilities of PyTorch: https://github.com/pytorch/torchcodec
  warnings.warn(
  ✓ Transcript: IT'S LIKE A VOLCANO YOU'RE A VOLCANO YOU'RE A VOLCANO YOU'RE A VIOLINIST YOU'RE A VIOLINIST YOU'RE A...

[16/27] Testing: rot10_thick4.0_std0.10
  Rendering video...
  Rendering frame 0/500...
  Rendering frame 25/500...
  Rendering frame 50/500...
  Rendering frame 75/500...
  Rendering frame 100/500...
  Rendering frame 125/500...
  Rendering frame 150/500...
  Rendering frame 175/500...
  Rendering frame 200/500...
  Rendering frame 225/500...
  Rendering frame 250/500...
  Rendering frame 275/500...
  Rendering frame 300/500...
  Rendering frame 325/500...
  Rendering frame 350/500...
  Rendering frame 375/500...
  Rendering frame 400/500...
  Rendering frame 425/500...
  Rendering frame 450/500...
  Rendering frame 475/500...
  ✓ Video rendered: animation_with_audio.mp4
  Running VSR inference...
I0000 00:00:1770134365.886532  117734 gl_context_egl.cc:85] Successfully initialized EGL. Major : 1 Minor: 5
I0000 00:00:1770134365.892162  123355 gl_context.cc:344] GL version: 3.2 (OpenGL ES 3.2 Mesa 25.3.3-arch1.1), renderer: llvmpipe (LLVM 21.1.6, 256 bits)
I0000 00:00:1770134365.894336  117734 gl_context_egl.cc:85] Successfully initialized EGL. Major : 1 Minor: 5
I0000 00:00:1770134365.899656  123363 gl_context.cc:344] GL version: 3.2 (OpenGL ES 3.2 Mesa 25.3.3-arch1.1), renderer: llvmpipe (LLVM 21.1.6, 256 bits)
/home/timoite/Documents/ICT-FaceKit/.venv/lib/python3.11/site-packages/torchvision/io/_video_deprecation_warning.py:9: UserWarning: The video decoding and encoding capabilities of torchvision are deprecated from version 0.22 and will be removed in version 0.24. We recommend that you migrate to TorchCodec, where we'll consolidate the future decoding/encoding capabilities of PyTorch: https://github.com/pytorch/torchcodec
  warnings.warn(
  ✓ Transcript: WELL TECHNICALLY IF YOU'RE A DOCTOR YOU'RE A DENTIST AND A DENTIST AND YOU'RE JUST A DENTIST AND YOU...

[17/27] Testing: rot10_thick4.0_std0.25
  Rendering video...
  Rendering frame 0/500...
  Rendering frame 25/500...
  Rendering frame 50/500...
  Rendering frame 75/500...
  Rendering frame 100/500...
  Rendering frame 125/500...
  Rendering frame 150/500...
  Rendering frame 175/500...
  Rendering frame 200/500...
  Rendering frame 225/500...
  Rendering frame 250/500...
  Rendering frame 275/500...
  Rendering frame 300/500...
  Rendering frame 325/500...
  Rendering frame 350/500...
  Rendering frame 375/500...
  Rendering frame 400/500...
  Rendering frame 425/500...
  Rendering frame 450/500...
  Rendering frame 475/500...
  ✓ Video rendered: animation_with_audio.mp4
  Running VSR inference...
I0000 00:00:1770134413.946520  117734 gl_context_egl.cc:85] Successfully initialized EGL. Major : 1 Minor: 5
I0000 00:00:1770134413.952271  123530 gl_context.cc:344] GL version: 3.2 (OpenGL ES 3.2 Mesa 25.3.3-arch1.1), renderer: llvmpipe (LLVM 21.1.6, 256 bits)
I0000 00:00:1770134413.954453  117734 gl_context_egl.cc:85] Successfully initialized EGL. Major : 1 Minor: 5
I0000 00:00:1770134413.959424  123538 gl_context.cc:344] GL version: 3.2 (OpenGL ES 3.2 Mesa 25.3.3-arch1.1), renderer: llvmpipe (LLVM 21.1.6, 256 bits)
/home/timoite/Documents/ICT-FaceKit/.venv/lib/python3.11/site-packages/torchvision/io/_video_deprecation_warning.py:9: UserWarning: The video decoding and encoding capabilities of torchvision are deprecated from version 0.22 and will be removed in version 0.24. We recommend that you migrate to TorchCodec, where we'll consolidate the future decoding/encoding capabilities of PyTorch: https://github.com/pytorch/torchcodec
  warnings.warn(
  ✓ Transcript: THE ANALYSTS AND THE ANALYSTS AND THE ANALYSTS AND THE ANALYSTS AND THE ANALYSTS AND THE ANALYSTS AN...

[18/27] Testing: rot10_thick4.0_std0.40
  Rendering video...
  Rendering frame 0/500...
  Rendering frame 25/500...
  Rendering frame 50/500...
  Rendering frame 75/500...
  Rendering frame 100/500...
  Rendering frame 125/500...
  Rendering frame 150/500...
  Rendering frame 175/500...
  Rendering frame 200/500...
  Rendering frame 225/500...
  Rendering frame 250/500...
  Rendering frame 275/500...
  Rendering frame 300/500...
  Rendering frame 325/500...
  Rendering frame 350/500...
  Rendering frame 375/500...
  Rendering frame 400/500...
  Rendering frame 425/500...
  Rendering frame 450/500...
  Rendering frame 475/500...
  ✓ Video rendered: animation_with_audio.mp4
  Running VSR inference...
I0000 00:00:1770134472.253406  117734 gl_context_egl.cc:85] Successfully initialized EGL. Major : 1 Minor: 5
I0000 00:00:1770134472.259132  123722 gl_context.cc:344] GL version: 3.2 (OpenGL ES 3.2 Mesa 25.3.3-arch1.1), renderer: llvmpipe (LLVM 21.1.6, 256 bits)
I0000 00:00:1770134472.261298  117734 gl_context_egl.cc:85] Successfully initialized EGL. Major : 1 Minor: 5
I0000 00:00:1770134472.266610  123730 gl_context.cc:344] GL version: 3.2 (OpenGL ES 3.2 Mesa 25.3.3-arch1.1), renderer: llvmpipe (LLVM 21.1.6, 256 bits)
/home/timoite/Documents/ICT-FaceKit/.venv/lib/python3.11/site-packages/torchvision/io/_video_deprecation_warning.py:9: UserWarning: The video decoding and encoding capabilities of torchvision are deprecated from version 0.22 and will be removed in version 0.24. We recommend that you migrate to TorchCodec, where we'll consolidate the future decoding/encoding capabilities of PyTorch: https://github.com/pytorch/torchcodec
  warnings.warn(
  ✓ Transcript: I DON'T KNOW I DON'T KNOW I DON'T KNOW I DON'T KNOW...

[19/27] Testing: rot20_thick1.0_std0.10
  Rendering video...
  Rendering frame 0/500...
  Rendering frame 25/500...
  Rendering frame 50/500...
  Rendering frame 75/500...
  Rendering frame 100/500...
  Rendering frame 125/500...
  Rendering frame 150/500...
  Rendering frame 175/500...
  Rendering frame 200/500...
  Rendering frame 225/500...
  Rendering frame 250/500...
  Rendering frame 275/500...
  Rendering frame 300/500...
  Rendering frame 325/500...
  Rendering frame 350/500...
  Rendering frame 375/500...
  Rendering frame 400/500...
  Rendering frame 425/500...
  Rendering frame 450/500...
  Rendering frame 475/500...
  ✓ Video rendered: animation_with_audio.mp4
  Running VSR inference...
I0000 00:00:1770134510.841455  117734 gl_context_egl.cc:85] Successfully initialized EGL. Major : 1 Minor: 5
I0000 00:00:1770134510.847138  123902 gl_context.cc:344] GL version: 3.2 (OpenGL ES 3.2 Mesa 25.3.3-arch1.1), renderer: llvmpipe (LLVM 21.1.6, 256 bits)
I0000 00:00:1770134510.849321  117734 gl_context_egl.cc:85] Successfully initialized EGL. Major : 1 Minor: 5
I0000 00:00:1770134510.854638  123910 gl_context.cc:344] GL version: 3.2 (OpenGL ES 3.2 Mesa 25.3.3-arch1.1), renderer: llvmpipe (LLVM 21.1.6, 256 bits)
/home/timoite/Documents/ICT-FaceKit/.venv/lib/python3.11/site-packages/torchvision/io/_video_deprecation_warning.py:9: UserWarning: The video decoding and encoding capabilities of torchvision are deprecated from version 0.22 and will be removed in version 0.24. We recommend that you migrate to TorchCodec, where we'll consolidate the future decoding/encoding capabilities of PyTorch: https://github.com/pytorch/torchcodec
  warnings.warn(
  ✓ Transcript: THANK YOU VERY MUCH FOR YOUR TIME THANK YOU VERY MUCH FOR YOUR TIME THANK YOU VERY MUCH FOR YOUR TIM...

[20/27] Testing: rot20_thick1.0_std0.25
  Rendering video...
  Rendering frame 0/500...
  Rendering frame 25/500...
  Rendering frame 50/500...
  Rendering frame 75/500...
  Rendering frame 100/500...
  Rendering frame 125/500...
  Rendering frame 150/500...
  Rendering frame 175/500...
  Rendering frame 200/500...
  Rendering frame 225/500...
  Rendering frame 250/500...
  Rendering frame 275/500...
  Rendering frame 300/500...
  Rendering frame 325/500...
  Rendering frame 350/500...
  Rendering frame 375/500...
  Rendering frame 400/500...
  Rendering frame 425/500...
  Rendering frame 450/500...
  Rendering frame 475/500...
  ✓ Video rendered: animation_with_audio.mp4
  Running VSR inference...
I0000 00:00:1770134549.471167  117734 gl_context_egl.cc:85] Successfully initialized EGL. Major : 1 Minor: 5
I0000 00:00:1770134549.476765  124049 gl_context.cc:344] GL version: 3.2 (OpenGL ES 3.2 Mesa 25.3.3-arch1.1), renderer: llvmpipe (LLVM 21.1.6, 256 bits)
I0000 00:00:1770134549.478747  117734 gl_context_egl.cc:85] Successfully initialized EGL. Major : 1 Minor: 5
I0000 00:00:1770134549.484016  124057 gl_context.cc:344] GL version: 3.2 (OpenGL ES 3.2 Mesa 25.3.3-arch1.1), renderer: llvmpipe (LLVM 21.1.6, 256 bits)
/home/timoite/Documents/ICT-FaceKit/.venv/lib/python3.11/site-packages/torchvision/io/_video_deprecation_warning.py:9: UserWarning: The video decoding and encoding capabilities of torchvision are deprecated from version 0.22 and will be removed in version 0.24. We recommend that you migrate to TorchCodec, where we'll consolidate the future decoding/encoding capabilities of PyTorch: https://github.com/pytorch/torchcodec
  warnings.warn(
  ✓ Transcript: I DON'T THINK IT'S SAFE TO SAY THAT IT'S SAFE TO SAY THAT IT'S SAFE TO SAY THAT IT'S SAFE TO SAY THA...

[21/27] Testing: rot20_thick1.0_std0.40
  Rendering video...
  Rendering frame 0/500...
  Rendering frame 25/500...
  Rendering frame 50/500...
  Rendering frame 75/500...
  Rendering frame 100/500...
  Rendering frame 125/500...
  Rendering frame 150/500...
  Rendering frame 175/500...
  Rendering frame 200/500...
  Rendering frame 225/500...
  Rendering frame 250/500...
  Rendering frame 275/500...
  Rendering frame 300/500...
  Rendering frame 325/500...
  Rendering frame 350/500...
  Rendering frame 375/500...
  Rendering frame 400/500...
  Rendering frame 425/500...
  Rendering frame 450/500...
  Rendering frame 475/500...
  ✓ Video rendered: animation_with_audio.mp4
  Running VSR inference...
I0000 00:00:1770134599.742457  117734 gl_context_egl.cc:85] Successfully initialized EGL. Major : 1 Minor: 5
I0000 00:00:1770134599.748003  124216 gl_context.cc:344] GL version: 3.2 (OpenGL ES 3.2 Mesa 25.3.3-arch1.1), renderer: llvmpipe (LLVM 21.1.6, 256 bits)
I0000 00:00:1770134599.750495  117734 gl_context_egl.cc:85] Successfully initialized EGL. Major : 1 Minor: 5
I0000 00:00:1770134599.755836  124224 gl_context.cc:344] GL version: 3.2 (OpenGL ES 3.2 Mesa 25.3.3-arch1.1), renderer: llvmpipe (LLVM 21.1.6, 256 bits)
/home/timoite/Documents/ICT-FaceKit/.venv/lib/python3.11/site-packages/torchvision/io/_video_deprecation_warning.py:9: UserWarning: The video decoding and encoding capabilities of torchvision are deprecated from version 0.22 and will be removed in version 0.24. We recommend that you migrate to TorchCodec, where we'll consolidate the future decoding/encoding capabilities of PyTorch: https://github.com/pytorch/torchcodec
  warnings.warn(
  ✓ Transcript: I DON'T KNOW I DON'T KNOW I DON'T KNOW I DON'T KNOW...

[22/27] Testing: rot20_thick2.0_std0.10
  Rendering video...
  Rendering frame 0/500...
  Rendering frame 25/500...
  Rendering frame 50/500...
  Rendering frame 75/500...
  Rendering frame 100/500...
  Rendering frame 125/500...
  Rendering frame 150/500...
  Rendering frame 175/500...
  Rendering frame 200/500...
  Rendering frame 225/500...
  Rendering frame 250/500...
  Rendering frame 275/500...
  Rendering frame 300/500...
  Rendering frame 325/500...
  Rendering frame 350/500...
  Rendering frame 375/500...
  Rendering frame 400/500...
  Rendering frame 425/500...
  Rendering frame 450/500...
  Rendering frame 475/500...
  ✓ Video rendered: animation_with_audio.mp4
  Running VSR inference...
I0000 00:00:1770134643.408100  117734 gl_context_egl.cc:85] Successfully initialized EGL. Major : 1 Minor: 5
I0000 00:00:1770134643.413527  124404 gl_context.cc:344] GL version: 3.2 (OpenGL ES 3.2 Mesa 25.3.3-arch1.1), renderer: llvmpipe (LLVM 21.1.6, 256 bits)
I0000 00:00:1770134643.415736  117734 gl_context_egl.cc:85] Successfully initialized EGL. Major : 1 Minor: 5
I0000 00:00:1770134643.420811  124412 gl_context.cc:344] GL version: 3.2 (OpenGL ES 3.2 Mesa 25.3.3-arch1.1), renderer: llvmpipe (LLVM 21.1.6, 256 bits)
/home/timoite/Documents/ICT-FaceKit/.venv/lib/python3.11/site-packages/torchvision/io/_video_deprecation_warning.py:9: UserWarning: The video decoding and encoding capabilities of torchvision are deprecated from version 0.22 and will be removed in version 0.24. We recommend that you migrate to TorchCodec, where we'll consolidate the future decoding/encoding capabilities of PyTorch: https://github.com/pytorch/torchcodec
  warnings.warn(
  ✓ Transcript: FANTASTIC THANK YOU VERY MUCH FOR YOUR TIME THANK YOU VERY MUCH FOR YOUR TIME THANK YOU FOR YOUR TIM...

[23/27] Testing: rot20_thick2.0_std0.25
  Rendering video...
  Rendering frame 0/500...
  Rendering frame 25/500...
  Rendering frame 50/500...
  Rendering frame 75/500...
  Rendering frame 100/500...
  Rendering frame 125/500...
  Rendering frame 150/500...
  Rendering frame 175/500...
  Rendering frame 200/500...
  Rendering frame 225/500...
  Rendering frame 250/500...
  Rendering frame 275/500...
  Rendering frame 300/500...
  Rendering frame 325/500...
  Rendering frame 350/500...
  Rendering frame 375/500...
  Rendering frame 400/500...
  Rendering frame 425/500...
  Rendering frame 450/500...
  Rendering frame 475/500...
  ✓ Video rendered: animation_with_audio.mp4
  Running VSR inference...
I0000 00:00:1770134681.588012  117734 gl_context_egl.cc:85] Successfully initialized EGL. Major : 1 Minor: 5
I0000 00:00:1770134681.593593  124584 gl_context.cc:344] GL version: 3.2 (OpenGL ES 3.2 Mesa 25.3.3-arch1.1), renderer: llvmpipe (LLVM 21.1.6, 256 bits)
I0000 00:00:1770134681.595701  117734 gl_context_egl.cc:85] Successfully initialized EGL. Major : 1 Minor: 5
I0000 00:00:1770134681.600919  124592 gl_context.cc:344] GL version: 3.2 (OpenGL ES 3.2 Mesa 25.3.3-arch1.1), renderer: llvmpipe (LLVM 21.1.6, 256 bits)
/home/timoite/Documents/ICT-FaceKit/.venv/lib/python3.11/site-packages/torchvision/io/_video_deprecation_warning.py:9: UserWarning: The video decoding and encoding capabilities of torchvision are deprecated from version 0.22 and will be removed in version 0.24. We recommend that you migrate to TorchCodec, where we'll consolidate the future decoding/encoding capabilities of PyTorch: https://github.com/pytorch/torchcodec
  warnings.warn(
  ✓ Transcript: VALENTINE'S DAY IS VALENTINE'S DAY IS VALENTINE'S DAY IS VALENTINE'S DAY IS VALENTINE'S...

[24/27] Testing: rot20_thick2.0_std0.40
  Rendering video...
  Rendering frame 0/500...
  Rendering frame 25/500...
  Rendering frame 50/500...
  Rendering frame 75/500...
  Rendering frame 100/500...
  Rendering frame 125/500...
  Rendering frame 150/500...
  Rendering frame 175/500...
  Rendering frame 200/500...
  Rendering frame 225/500...
  Rendering frame 250/500...
  Rendering frame 275/500...
  Rendering frame 300/500...
  Rendering frame 325/500...
  Rendering frame 350/500...
  Rendering frame 375/500...
  Rendering frame 400/500...
  Rendering frame 425/500...
  Rendering frame 450/500...
  Rendering frame 475/500...
  ✓ Video rendered: animation_with_audio.mp4
  Running VSR inference...
I0000 00:00:1770134732.199214  117734 gl_context_egl.cc:85] Successfully initialized EGL. Major : 1 Minor: 5
I0000 00:00:1770134732.204853  124731 gl_context.cc:344] GL version: 3.2 (OpenGL ES 3.2 Mesa 25.3.3-arch1.1), renderer: llvmpipe (LLVM 21.1.6, 256 bits)
I0000 00:00:1770134732.206831  117734 gl_context_egl.cc:85] Successfully initialized EGL. Major : 1 Minor: 5
I0000 00:00:1770134732.211768  124739 gl_context.cc:344] GL version: 3.2 (OpenGL ES 3.2 Mesa 25.3.3-arch1.1), renderer: llvmpipe (LLVM 21.1.6, 256 bits)
/home/timoite/Documents/ICT-FaceKit/.venv/lib/python3.11/site-packages/torchvision/io/_video_deprecation_warning.py:9: UserWarning: The video decoding and encoding capabilities of torchvision are deprecated from version 0.22 and will be removed in version 0.24. We recommend that you migrate to TorchCodec, where we'll consolidate the future decoding/encoding capabilities of PyTorch: https://github.com/pytorch/torchcodec
  warnings.warn(
  ✓ Transcript: THE ANALYSTS THE ANALYSTS THE ANALYSTS...

[25/27] Testing: rot20_thick4.0_std0.10
  Rendering video...
  Rendering frame 0/500...
  Rendering frame 25/500...
  Rendering frame 50/500...
  Rendering frame 75/500...
  Rendering frame 100/500...
  Rendering frame 125/500...
  Rendering frame 150/500...
  Rendering frame 175/500...
  Rendering frame 200/500...
  Rendering frame 225/500...
  Rendering frame 250/500...
  Rendering frame 275/500...
  Rendering frame 300/500...
  Rendering frame 325/500...
  Rendering frame 350/500...
  Rendering frame 375/500...
  Rendering frame 400/500...
  Rendering frame 425/500...
  Rendering frame 450/500...
  Rendering frame 475/500...
  ✓ Video rendered: animation_with_audio.mp4
  Running VSR inference...
I0000 00:00:1770134782.872443  117734 gl_context_egl.cc:85] Successfully initialized EGL. Major : 1 Minor: 5
I0000 00:00:1770134782.878036  124893 gl_context.cc:344] GL version: 3.2 (OpenGL ES 3.2 Mesa 25.3.3-arch1.1), renderer: llvmpipe (LLVM 21.1.6, 256 bits)
I0000 00:00:1770134782.880206  117734 gl_context_egl.cc:85] Successfully initialized EGL. Major : 1 Minor: 5
I0000 00:00:1770134782.885522  124901 gl_context.cc:344] GL version: 3.2 (OpenGL ES 3.2 Mesa 25.3.3-arch1.1), renderer: llvmpipe (LLVM 21.1.6, 256 bits)
/home/timoite/Documents/ICT-FaceKit/.venv/lib/python3.11/site-packages/torchvision/io/_video_deprecation_warning.py:9: UserWarning: The video decoding and encoding capabilities of torchvision are deprecated from version 0.22 and will be removed in version 0.24. We recommend that you migrate to TorchCodec, where we'll consolidate the future decoding/encoding capabilities of PyTorch: https://github.com/pytorch/torchcodec
  warnings.warn(
  ✓ Transcript: WELL TECHNICALLY IF YOU'RE A DOCTOR YOU'RE A DENTIST AND A DENTIST AND YOU'RE JUST A DENTIST AND YOU...

[26/27] Testing: rot20_thick4.0_std0.25
  Rendering video...
  Rendering frame 0/500...
  Rendering frame 25/500...
  Rendering frame 50/500...
  Rendering frame 75/500...
  Rendering frame 100/500...
  Rendering frame 125/500...
  Rendering frame 150/500...
  Rendering frame 175/500...
  Rendering frame 200/500...
  Rendering frame 225/500...
  Rendering frame 250/500...
  Rendering frame 275/500...
  Rendering frame 300/500...
  Rendering frame 325/500...
  Rendering frame 350/500...
  Rendering frame 375/500...
  Rendering frame 400/500...
  Rendering frame 425/500...
  Rendering frame 450/500...
  Rendering frame 475/500...
  ✓ Video rendered: animation_with_audio.mp4
  Running VSR inference...
I0000 00:00:1770134832.527921  117734 gl_context_egl.cc:85] Successfully initialized EGL. Major : 1 Minor: 5
I0000 00:00:1770134832.533741  125085 gl_context.cc:344] GL version: 3.2 (OpenGL ES 3.2 Mesa 25.3.3-arch1.1), renderer: llvmpipe (LLVM 21.1.6, 256 bits)
I0000 00:00:1770134832.535907  117734 gl_context_egl.cc:85] Successfully initialized EGL. Major : 1 Minor: 5
I0000 00:00:1770134832.541372  125093 gl_context.cc:344] GL version: 3.2 (OpenGL ES 3.2 Mesa 25.3.3-arch1.1), renderer: llvmpipe (LLVM 21.1.6, 256 bits)
/home/timoite/Documents/ICT-FaceKit/.venv/lib/python3.11/site-packages/torchvision/io/_video_deprecation_warning.py:9: UserWarning: The video decoding and encoding capabilities of torchvision are deprecated from version 0.22 and will be removed in version 0.24. We recommend that you migrate to TorchCodec, where we'll consolidate the future decoding/encoding capabilities of PyTorch: https://github.com/pytorch/torchcodec
  warnings.warn(
  ✓ Transcript: THE ANALYSTS THE ANALYSTS THE ANALYSTS THE ANALYSTS THE ANALYSTS THE ANALYSTS THE ANALYSTS THE ANALY...

[27/27] Testing: rot20_thick4.0_std0.40
  Rendering video...
  Rendering frame 0/500...
  Rendering frame 25/500...
  Rendering frame 50/500...
  Rendering frame 75/500...
  Rendering frame 100/500...
  Rendering frame 125/500...
  Rendering frame 150/500...
  Rendering frame 175/500...
  Rendering frame 200/500...
  Rendering frame 225/500...
  Rendering frame 250/500...
  Rendering frame 275/500...
  Rendering frame 300/500...
  Rendering frame 325/500...
  Rendering frame 350/500...
  Rendering frame 375/500...
  Rendering frame 400/500...
  Rendering frame 425/500...
  Rendering frame 450/500...
  Rendering frame 475/500...
  ✓ Video rendered: animation_with_audio.mp4
  Running VSR inference...
I0000 00:00:1770134896.820792  117734 gl_context_egl.cc:85] Successfully initialized EGL. Major : 1 Minor: 5
I0000 00:00:1770134896.826392  125267 gl_context.cc:344] GL version: 3.2 (OpenGL ES 3.2 Mesa 25.3.3-arch1.1), renderer: llvmpipe (LLVM 21.1.6, 256 bits)
I0000 00:00:1770134896.828533  117734 gl_context_egl.cc:85] Successfully initialized EGL. Major : 1 Minor: 5
I0000 00:00:1770134896.833783  125275 gl_context.cc:344] GL version: 3.2 (OpenGL ES 3.2 Mesa 25.3.3-arch1.1), renderer: llvmpipe (LLVM 21.1.6, 256 bits)
/home/timoite/Documents/ICT-FaceKit/.venv/lib/python3.11/site-packages/torchvision/io/_video_deprecation_warning.py:9: UserWarning: The video decoding and encoding capabilities of torchvision are deprecated from version 0.22 and will be removed in version 0.24. We recommend that you migrate to TorchCodec, where we'll consolidate the future decoding/encoding capabilities of PyTorch: https://github.com/pytorch/torchcodec
  warnings.warn(
  ✓ Transcript: I DON'T KNOW WHAT'S WRONG WITH YOU I DON'T KNOW WHAT'S WRONG WITH YOU...

============================================================
TESTING COMPLETE
============================================================

Generating summary...
Total configurations: 27
Successful: 27
Failed: 0

Sample transcripts (first 5):
  1. rot00_thick1.0_std0.10: THAT'S WHAT I'M GOING TO TELL YOU I'M GOING TO TELL YOU I'M GOING TO TELL YOU I'...
  2. rot00_thick1.0_std0.25: YEA THAT'S ONE OF THE REASONS WHY THE YEAST IS THE YEAST IS THE YEAST...
  3. rot00_thick1.0_std0.40: THAT'S WHAT I'M GOING TO TELL YOU I'M GOING TO TELL YOU I'M GOING TO TELL YOU...
  4. rot00_thick2.0_std0.10: WELL THANK YOU VERY MUCH FOR YOUR TIME THANK YOU VERY MUCH FOR YOUR TIME THANK Y...
  5. rot00_thick2.0_std0.25: WELL THE ANALYST AND THE ANALYST AND THE ANALYST AND THE ANALYST AND THE ANALYST...

Results saved to: /home/timoite/Documents/ICT-FaceKit/tongue_scripts/tongue_param_tests
